// Jest Snapshot v1, https://goo.gl/fbAQLP

exports[`Probar la clase de citas Agregar una nueva cita 1`] = `
Citas {
  "citas": Array [
    Object {
      "fecha": "20-03-2021",
      "hora": "01:28",
      "id": 1616261677764,
      "mascota": "Hook",
      "propietario": "Cesario",
      "sintomas": "Solo duerme",
      "telefono": "80945264120",
    },
  ],
}
`;
